============================================================
鑷姩娴嬭瘯绯荤粺 - 缂栫▼闂叧宀?
============================================================

娴嬭瘯1: 妫€鏌ユ湇鍔″櫒鐘舵€?
   OK 鏈嶅姟鍣ㄦ甯歌繍琛?

娴嬭瘯2: 鍒涘缓鏂版父鎴?
   FAIL 鍒涘缓澶辫触: 200
